2026-05-13T13:07:56.108596600 === REPAIR ORDER F4EDFDB9 ===
Date: 2026-05-13
Customer: Alice Svensson | Phone: 123456789 | Email: alice@example.com
Bike: Trek Powerfly 5 | Serial: SN-2024-XR7
Problem: Bike loses power after approximately 5 km of riding.
State: NEWLY_CREATED
=========================

2026-05-13T13:07:56.115879100 === REPAIR ORDER F4EDFDB9 ===
Date: 2026-05-13
Customer: Alice Svensson | Phone: 123456789 | Email: alice@example.com
Bike: Trek Powerfly 5 | Serial: SN-2024-XR7
Problem: Bike loses power after approximately 5 km of riding.
State: READY_FOR_APPROVAL
Findings: Battery cells show degradation. BMS fault code detected. Drivetrain needs service.
  - Replace battery management system (BMS) - Cost: 1500.0 SEK
  - Clean and lubricate drivetrain - Cost: 350.0 SEK
Total cost: 1850.0 SEK
Estimated completion: 2026-05-20
=========================

2026-05-13T13:07:56.118703700 === REPAIR ORDER F4EDFDB9 ===
Date: 2026-05-13
Customer: Alice Svensson | Phone: 123456789 | Email: alice@example.com
Bike: Trek Powerfly 5 | Serial: SN-2024-XR7
Problem: Bike loses power after approximately 5 km of riding.
State: ACCEPTED
Findings: Battery cells show degradation. BMS fault code detected. Drivetrain needs service.
  - Replace battery management system (BMS) - Cost: 1500.0 SEK
  - Clean and lubricate drivetrain - Cost: 350.0 SEK
Total cost: 1850.0 SEK
Estimated completion: 2026-05-20
=========================

2026-05-13T13:15:07.725775200 === REPAIR ORDER 3F7106D5 ===
Date: 2026-05-13
Customer: Alice Svensson | Phone: 123456789 | Email: alice@example.com
Bike: Trek Powerfly 5 | Serial: SN-2024-XR7
Problem: Bike won't start
State: NEWLY_CREATED
=========================

2026-05-13T13:15:07.736018900 === REPAIR ORDER EEB60066 ===
Date: 2026-05-13
Customer: Alice Svensson | Phone: 123456789 | Email: alice@example.com
Bike: Trek Powerfly 5 | Serial: SN-2024-XR7
Problem: Bike won't start
State: NEWLY_CREATED
=========================

2026-05-13T13:15:07.739647300 === REPAIR ORDER 1E5409C4 ===
Date: 2026-05-13
Customer: Alice Svensson | Phone: 123456789 | Email: alice@example.com
Bike: Trek Powerfly 5 | Serial: SN-2024-XR7
Problem: Problem
State: NEWLY_CREATED
=========================

2026-05-13T13:15:07.739647300 === REPAIR ORDER 1E5409C4 ===
Date: 2026-05-13
Customer: Alice Svensson | Phone: 123456789 | Email: alice@example.com
Bike: Trek Powerfly 5 | Serial: SN-2024-XR7
Problem: Problem
State: READY_FOR_APPROVAL
Findings: Motor fault
  - Fix motor - Cost: 500.0 SEK
Total cost: 500.0 SEK
Estimated completion: 2026-05-20
=========================

2026-05-13T13:15:07.739647300 === REPAIR ORDER 1E5409C4 ===
Date: 2026-05-13
Customer: Alice Svensson | Phone: 123456789 | Email: alice@example.com
Bike: Trek Powerfly 5 | Serial: SN-2024-XR7
Problem: Problem
State: REJECTED
Findings: Motor fault
  - Fix motor - Cost: 500.0 SEK
Total cost: 500.0 SEK
Estimated completion: 2026-05-20
=========================

2026-05-13T13:15:07.743955800 === REPAIR ORDER 729DBFF7 ===
Date: 2026-05-13
Customer: Alice Svensson | Phone: 123456789 | Email: alice@example.com
Bike: Trek Powerfly 5 | Serial: SN-2024-XR7
Problem: Problem
State: NEWLY_CREATED
=========================

2026-05-13T13:15:07.744960400 === REPAIR ORDER 06A54089 ===
Date: 2026-05-13
Customer: Alice Svensson | Phone: 123456789 | Email: alice@example.com
Bike: Trek Powerfly 5 | Serial: SN-2024-XR7
Problem: Problem
State: NEWLY_CREATED
=========================

2026-05-13T13:15:07.744960400 === REPAIR ORDER 06A54089 ===
Date: 2026-05-13
Customer: Alice Svensson | Phone: 123456789 | Email: alice@example.com
Bike: Trek Powerfly 5 | Serial: SN-2024-XR7
Problem: Problem
State: READY_FOR_APPROVAL
Findings: Motor fault
  - Fix motor - Cost: 500.0 SEK
Total cost: 500.0 SEK
Estimated completion: 2026-05-20
=========================

2026-05-13T13:15:07.744960400 === REPAIR ORDER 06A54089 ===
Date: 2026-05-13
Customer: Alice Svensson | Phone: 123456789 | Email: alice@example.com
Bike: Trek Powerfly 5 | Serial: SN-2024-XR7
Problem: Problem
State: ACCEPTED
Findings: Motor fault
  - Fix motor - Cost: 500.0 SEK
Total cost: 500.0 SEK
Estimated completion: 2026-05-20
=========================

2026-05-13T13:15:07.746665100 === REPAIR ORDER 5CCF7926 ===
Date: 2026-05-13
Customer: Alice Svensson | Phone: 123456789 | Email: alice@example.com
Bike: Trek Powerfly 5 | Serial: SN-2024-XR7
Problem: Bike won't start
State: NEWLY_CREATED
=========================

2026-05-13T13:15:07.747558600 === REPAIR ORDER 654804D2 ===
Date: 2026-05-13
Customer: Alice Svensson | Phone: 123456789 | Email: alice@example.com
Bike: Trek Powerfly 5 | Serial: SN-2024-XR7
Problem: Problem
State: NEWLY_CREATED
=========================

2026-05-13T13:15:07.747558600 === REPAIR ORDER 654804D2 ===
Date: 2026-05-13
Customer: Alice Svensson | Phone: 123456789 | Email: alice@example.com
Bike: Trek Powerfly 5 | Serial: SN-2024-XR7
Problem: Problem
State: READY_FOR_APPROVAL
Findings: Motor fault
  - Fix motor - Cost: 500.0 SEK
Total cost: 500.0 SEK
Estimated completion: 2026-05-20
=========================

